

Version:	3.50
CmdLine:	C:\Users\22pab\Programming\FT3\Finance Tracker V3.exe --l4j-debug
JNI:		No
WOW64:		Yes
Create mutex:	Finance Tracker V3.exe
Working dir:	C:\Users\22pab\Programming\FT3\.
Requires JDK:	No
Requires 64-Bit: No
Java min ver:	
Java max ver:	
Substitute:	JAVA_HOME = 
Substitute:	PATH = C:\WINDOWS\system32;C:\WINDOWS;C:\WINDOWS\System32\Wbem;C:\WINDOWS\System32\WindowsPowerShell\v1.0\;C:\WINDOWS\System32\OpenSSH\;C:\Program Files\dotnet\;C:\Program Files\NVIDIA Corporation\NVIDIA app\NvDLISR;C:\Program Files (x86)\NVIDIA Corporation\PhysX\Common;C:\Users\22pab\Programming\Java\Oracle_JDK-23\bin;C:\Users\22pab\AppData\Local\Programs\Eclipse Adoptium\jdk-21.0.6.7-hotspot\bin;C:\Users\22pab\AppData\Local\Microsoft\WindowsApps;C:\Users\22pab\AppData\Local\Programs\Microsoft VS Code\bin;C:\Users\22pab\Programming\Java\Oracle_JDK-23\bin
JRE paths:	;C:\WINDOWS\system32;C:\WINDOWS;C:\WINDOWS\System32\Wbem;C:\WINDOWS\System32\WindowsPowerShell\v1.0\;C:\WINDOWS\System32\OpenSSH\;C:\Program Files\dotnet\;C:\Program Files\NVIDIA Corporation\NVIDIA app\NvDLISR;C:\Program Files (x86)\NVIDIA Corporation\PhysX\Common;C:\Users\22pab\Programming\Java\Oracle_JDK-23\bin;C:\Users\22pab\AppData\Local\Programs\Eclipse Adoptium\jdk-21.0.6.7-hotspot\bin;C:\Users\22pab\AppData\Local\Microsoft\WindowsApps;C:\Users\22pab\AppData\Local\Programs\Microsoft VS Code\bin;C:\Users\22pab\Programming\Java\Oracle_JDK-23\bin
Check launcher:	C:\WINDOWS\system32\bin\javaw.exe (not found)
Check launcher:	C:\WINDOWS\bin\javaw.exe (not found)
Check launcher:	C:\WINDOWS\System32\Wbem\bin\javaw.exe (not found)
Check launcher:	C:\WINDOWS\System32\WindowsPowerShell\v1.0\bin\javaw.exe (not found)
Check launcher:	C:\WINDOWS\System32\OpenSSH\bin\javaw.exe (not found)
Check launcher:	C:\Program Files\dotnet\bin\javaw.exe (not found)
Check launcher:	C:\Program Files\NVIDIA Corporation\NVIDIA app\NvDLISR\bin\javaw.exe (not found)
Check launcher:	C:\Program Files (x86)\NVIDIA Corporation\PhysX\Common\bin\javaw.exe (not found)
Check launcher:	C:\Users\22pab\Programming\Java\Oracle_JDK-23\bin\javaw.exe (OK)
Version string: 1.023.000_002 / 64-Bit (OK)
Launcher:	C:\Users\22pab\Programming\Java\Oracle_JDK-23\bin\javaw.exe
Launcher args:	-jar "C:\Users\22pab\Programming\FT3\Finance Tracker V3.exe"
Args length:	60/32768 chars
Exit code:	0
